I'm sorry, but errors were detected in your script. Please correct the
errors listed below, and try again.


File "game/hint_screens.rpy", line 52: is not terminated with a newline. (Check strings and parenthesis.)
(Perhaps you left out a ' at the end of the first line.)
                        text '      'n<h1>Welcome to My Game</h1>' size 24 color "#dfdfdf" xoffset 6 yoffset 6

Ren'Py Version: Ren'Py 8.1.3.23091805
Fri Jan  5 06:42:52 2024
